// Jest Snapshot v1, https://goo.gl/fbAQLP

exports[`render  component to the DOM render Header component 1`] = `[Function]`;
